This file contains any messages produced by compilers while
running configure, to aid debugging if configure makes a mistake.

It was created by riscv-tests configure 1.0, which was
generated by GNU Autoconf 2.69.  Invocation command line was

  $ ./configure --with-xlen 32

## --------- ##
## Platform. ##
## --------- ##

hostname = asicfab.ecn.purdue.edu
uname -m = x86_64
uname -r = 4.18.0-553.84.1.el8_10.x86_64
uname -s = Linux
uname -v = #1 SMP Mon Nov 17 12:53:24 PST 2025

/usr/bin/uname -p = x86_64
/bin/uname -X     = unknown

/bin/arch              = x86_64
/usr/bin/arch -k       = unknown
/usr/convex/getsysinfo = unknown
/usr/bin/hostinfo      = unknown
/bin/machine           = unknown
/usr/bin/oslevel       = unknown
/bin/universe          = unknown

PATH: /package/asicfab/lcov-2.1/bin
PATH: /package/eda2/intelFPGA/23.1std/nios2eds/bin
PATH: /package/eda2/intelFPGA/23.1std/quartus/sopc_builder/bin
PATH: /package/eda2/intelFPGA/23.1std/quartus/bin
PATH: /package/eda/mg/questa2021.4/questasim/bin
PATH: /package/eda2/cadence/PVS231/bin
PATH: /package/eda2/cadence/SPECTRE231/tools/dfII/bin
PATH: /package/eda2/cadence/SPECTRE231/tools/bin
PATH: /package/eda/cadence/INNOVUS211.7/bin
PATH: /package/eda/cadence/IC231/tools/dfII/bin
PATH: /package/eda/cadence/IC231/tools/bin
PATH: /package/eda/cadence/XCELIUM2303/tools/bin
PATH: /package/eda/cadence/XCELIUM2303/bin
PATH: /package/asicfab/gtkwave/bin
PATH: /package/asicfab/verilator/bin
PATH: /package/asicfab/riscv-gcc/13.2.0/bin
PATH: /package/python3/3.11.9/bin
PATH: /opt/rh/gcc-toolset-14/root/bin
PATH: /opt/git/2.42.1/bin
PATH: /package/eda/cadence/SPECTRE231/bin
PATH: /home/asicfab/a/akhauv/.local/bin
PATH: /usr/share/Modules/bin
PATH: /usr/lib64/ccache
PATH: /usr/local/bin
PATH: /usr/bin
PATH: /usr/local/sbin
PATH: /usr/sbin
PATH: .


## ----------- ##
## Core tests. ##
## ----------- ##

configure:1743: checking for 32-gcc
configure:1773: result: no
configure:1783: checking for gcc
configure:1799: found /opt/rh/gcc-toolset-14/root/bin/gcc
configure:1810: result: gcc
configure:1822: WARNING: using cross tools not prefixed with host triplet
configure:2039: checking for C compiler version
configure:2048: gcc --version >&5
gcc (GCC) 14.2.1 20250110 (Red Hat 14.2.1-10)
Copyright (C) 2024 Free Software Foundation, Inc.
This is free software; see the source for copying conditions.  There is NO
warranty; not even for MERCHANTABILITY or FITNESS FOR A PARTICULAR PURPOSE.

configure:2059: $? = 0
configure:2048: gcc -v >&5
Using built-in specs.
COLLECT_GCC=gcc
COLLECT_LTO_WRAPPER=/opt/rh/gcc-toolset-14/root/usr/libexec/gcc/x86_64-redhat-linux/14/lto-wrapper
OFFLOAD_TARGET_NAMES=nvptx-none
OFFLOAD_TARGET_DEFAULT=1
Target: x86_64-redhat-linux
Configured with: ../configure --enable-bootstrap --enable-languages=c,c++,fortran,lto --prefix=/opt/rh/gcc-toolset-14/root/usr --mandir=/opt/rh/gcc-toolset-14/root/usr/share/man --infodir=/opt/rh/gcc-toolset-14/root/usr/share/info --with-bugurl=http://bugzilla.redhat.com/bugzilla --enable-shared --enable-threads=posix --enable-checking=release --enable-multilib --with-system-zlib --enable-__cxa_atexit --disable-libunwind-exceptions --enable-gnu-unique-object --enable-linker-build-id --with-gcc-major-version-only --enable-libstdcxx-backtrace --with-libstdcxx-zoneinfo=/usr/share/zoneinfo --with-linker-hash-style=gnu --enable-plugin --enable-initfini-array --with-isl=/builddir/build/BUILD/gcc-14.2.1-20250110/obj-x86_64-redhat-linux/isl-install --enable-offload-targets=nvptx-none --without-cuda-driver --enable-offload-defaulted --enable-gnu-indirect-function --enable-cet --with-tune=generic --with-arch_32=x86-64 --build=x86_64-redhat-linux
Thread model: posix
Supported LTO compression algorithms: zlib zstd
gcc version 14.2.1 20250110 (Red Hat 14.2.1-10) (GCC) 
... rest of stderr output deleted ...
configure:2059: $? = 0
configure:2048: gcc -V >&5
gcc: error: unrecognized command-line option '-V'
gcc: fatal error: no input files
compilation terminated.
configure:2059: $? = 1
configure:2048: gcc -qversion >&5
gcc: error: unrecognized command-line option '-qversion'; did you mean '--version'?
gcc: fatal error: no input files
compilation terminated.
configure:2059: $? = 1
configure:2079: checking whether the C compiler works
configure:2101: gcc    conftest.c  >&5
configure:2105: $? = 0
configure:2153: result: yes
configure:2156: checking for C compiler default output file name
configure:2158: result: a.out
configure:2164: checking for suffix of executables
configure:2171: gcc -o conftest    conftest.c  >&5
configure:2175: $? = 0
configure:2197: result: 
configure:2219: checking whether we are cross compiling
configure:2257: result: yes
configure:2262: checking for suffix of object files
configure:2284: gcc -c   conftest.c >&5
configure:2288: $? = 0
configure:2309: result: o
configure:2313: checking whether we are using the GNU C compiler
configure:2332: gcc -c   conftest.c >&5
configure:2332: $? = 0
configure:2341: result: yes
configure:2350: checking whether gcc accepts -g
configure:2370: gcc -c -g  conftest.c >&5
configure:2370: $? = 0
configure:2411: result: yes
configure:2428: checking for gcc option to accept ISO C89
configure:2491: gcc  -c -g -O2  conftest.c >&5
configure:2491: $? = 0
configure:2504: result: none needed
configure:2690: creating ./config.status

## ---------------------- ##
## Running config.status. ##
## ---------------------- ##

This file was extended by riscv-tests config.status 1.0, which was
generated by GNU Autoconf 2.69.  Invocation command line was

  CONFIG_FILES    = 
  CONFIG_HEADERS  = 
  CONFIG_LINKS    = 
  CONFIG_COMMANDS = 
  $ ./config.status 

on asicfab.ecn.purdue.edu

config.status:720: creating Makefile

## ---------------- ##
## Cache variables. ##
## ---------------- ##

ac_cv_c_compiler_gnu=yes
ac_cv_env_CC_set=
ac_cv_env_CC_value=
ac_cv_env_CFLAGS_set=
ac_cv_env_CFLAGS_value=
ac_cv_env_CPPFLAGS_set=
ac_cv_env_CPPFLAGS_value=
ac_cv_env_LDFLAGS_set=
ac_cv_env_LDFLAGS_value=
ac_cv_env_LIBS_set=
ac_cv_env_LIBS_value=
ac_cv_env_build_alias_set=set
ac_cv_env_build_alias_value=32
ac_cv_env_host_alias_set=set
ac_cv_env_host_alias_value=32
ac_cv_env_target_alias_set=set
ac_cv_env_target_alias_value=32
ac_cv_objext=o
ac_cv_prog_ac_ct_CC=gcc
ac_cv_prog_cc_c89=
ac_cv_prog_cc_g=yes

## ----------------- ##
## Output variables. ##
## ----------------- ##

CC='gcc'
CFLAGS='-g -O2'
CPPFLAGS=''
DEFS='-DPACKAGE_NAME=\"riscv-tests\" -DPACKAGE_TARNAME=\"riscv-tests\" -DPACKAGE_VERSION=\"1.0\" -DPACKAGE_STRING=\"riscv-tests\ 1.0\" -DPACKAGE_BUGREPORT=\"\" -DPACKAGE_URL=\"\"'
ECHO_C=''
ECHO_N='-n'
ECHO_T=''
EXEEXT=''
LDFLAGS=''
LIBOBJS=''
LIBS=''
LTLIBOBJS=''
OBJEXT='o'
PACKAGE_BUGREPORT=''
PACKAGE_NAME='riscv-tests'
PACKAGE_STRING='riscv-tests 1.0'
PACKAGE_TARNAME='riscv-tests'
PACKAGE_URL=''
PACKAGE_VERSION='1.0'
PATH_SEPARATOR=':'
SHELL='/bin/sh'
XLEN='yes'
ac_ct_CC='gcc'
bindir='${exec_prefix}/bin'
build_alias='32'
datadir='${datarootdir}'
datarootdir='${prefix}/share'
docdir='${datarootdir}/doc/${PACKAGE_TARNAME}'
dvidir='${docdir}'
exec_prefix='${prefix}'
host_alias='32'
htmldir='${docdir}'
includedir='${prefix}/include'
infodir='${datarootdir}/info'
libdir='${exec_prefix}/lib'
libexecdir='${exec_prefix}/libexec'
localedir='${datarootdir}/locale'
localstatedir='${prefix}/var'
mandir='${datarootdir}/man'
oldincludedir='/usr/include'
pdfdir='${docdir}'
prefix='/usr/local'
program_transform_name='s,x,x,'
psdir='${docdir}'
sbindir='${exec_prefix}/sbin'
sharedstatedir='${prefix}/com'
sysconfdir='${prefix}/etc'
target_alias='32'

## ----------- ##
## confdefs.h. ##
## ----------- ##

/* confdefs.h */
#define PACKAGE_NAME "riscv-tests"
#define PACKAGE_TARNAME "riscv-tests"
#define PACKAGE_VERSION "1.0"
#define PACKAGE_STRING "riscv-tests 1.0"
#define PACKAGE_BUGREPORT ""
#define PACKAGE_URL ""

configure: exit 0
